[plenonet.com.br/index.html]
[backblue.gif]
[fade.gif]
[index.html]
[plenonet.com.br/assets/images/logo-1-141x141.png]
[plenonet.com.br/assets/web/assets/mobirise-icons2/mobirise2.css]
[plenonet.com.br/assets/simple-line-icons/simple-line-icons.css]
[plenonet.com.br/assets/web/assets/mobirise-icons/mobirise-icons.css]
[plenonet.com.br/assets/bootstrap-material-design-font/css/material.css]
[plenonet.com.br/assets/tether/tether.min.css]
[plenonet.com.br/assets/bootstrap/css/bootstrap.min.css]
[plenonet.com.br/assets/bootstrap/css/bootstrap-grid.min.css]
[plenonet.com.br/assets/bootstrap/css/bootstrap-reboot.min.css]
[plenonet.com.br/assets/dropdown/css/style.css]
[plenonet.com.br/assets/socicon/css/styles.css]
[plenonet.com.br/assets/theme/css/style.css]
[plenonet.com.br/assets/mobirise/css/mbr-additional.css]
[plenonet.com.br/index-2.html]
[plenonet.com.br/aplicativos.html]
[plenonet.com.br/assets/images/internet-movel-header-5-747x500.png]
[plenonet.com.br/assets/images/movel3-5-700x736.png]
[plenonet.com.br/assets/images/rocket-space-icon-185991-200x200.png]
[plenonet.com.br/assets/images/descomplicada-1-200x211.png]
[plenonet.com.br/assets/images/lock-padlock-security-icon-185979-200x200.png]
[plenonet.com.br/assets/images/playstore-512.webp]
[plenonet.com.br/assets/images/smartphone-140x140.png]
[plenonet.com.br/assets/images/bancario-140x140.png]
[plenonet.com.br/assets/images/agente-de-atendimento-ao-cliente-140x140.png]
[plenonet.com.br/assets/images/seal-stamp-inkpad-icon-185993-401x401.png]
[plenonet.com.br/assets/images/face3.jpg]
[plenonet.com.br/assets/images/14563349-1458567000826835-8896050819441148091-n-200x200.jpg]
[plenonet.com.br/assets/images/286497664-566060998446483-5801967585694937146-n-200x200.jpg]
[plenonet.com.br/assets/images/cel-aoo-1-361x379.png]
[plenonet.com.br/assets/web/assets/jquery/jquery.min.js]
[plenonet.com.br/assets/popper/popper.min.js]
[plenonet.com.br/assets/tether/tether.min.js]
[plenonet.com.br/assets/bootstrap/js/bootstrap.min.js]
[plenonet.com.br/assets/smoothscroll/smooth-scroll.js]
[plenonet.com.br/assets/dropdown/js/nav-dropdown.js]
[plenonet.com.br/assets/dropdown/js/navbar-dropdown.js]
[plenonet.com.br/assets/touchswipe/jquery.touch-swipe.min.js]
[plenonet.com.br/assets/playervimeo/vimeo_player.js]
[plenonet.com.br/assets/theme/js/script.js]
[plenonet.com.br/index.html]
[plenonet.com.br/assets/web/assets/mobirise-icons2/mobirise21e04.eot]
[plenonet.com.br/assets/web/assets/mobirise-icons2/mobirise21e04.ttf]
[plenonet.com.br/assets/web/assets/mobirise-icons2/mobirise21e04.woff]
[plenonet.com.br/assets/web/assets/mobirise-icons2/mobirise2.css]
[plenonet.com.br/assets/web/assets/mobirise-icons2/mobirise21e04.svg]
[plenonet.com.br/assets/simple-line-icons/fonts/simple-line-iconsb26c.eot]
[plenonet.com.br/assets/simple-line-icons/fonts/simple-line-iconsb26c.woff2]
[plenonet.com.br/assets/simple-line-icons/fonts/simple-line-iconsb26c.ttf]
[plenonet.com.br/assets/simple-line-icons/fonts/simple-line-iconsb26c.woff]
[plenonet.com.br/assets/simple-line-icons/simple-line-icons.css]
[plenonet.com.br/assets/simple-line-icons/fonts/simple-line-iconsb26c.svg]
[plenonet.com.br/assets/web/assets/mobirise-icons/mobirise-icons0e1c.eot]
[plenonet.com.br/assets/web/assets/mobirise-icons/mobirise-icons0e1c.ttf]
[plenonet.com.br/assets/web/assets/mobirise-icons/mobirise-icons0e1c.woff]
[plenonet.com.br/assets/web/assets/mobirise-icons/mobirise-icons.css]
[plenonet.com.br/assets/web/assets/mobirise-icons/mobirise-icons0e1c.svg]
[plenonet.com.br/assets/bootstrap-material-design-font/fonts/Material-Design-Icons64ea.eot]
[plenonet.com.br/assets/bootstrap-material-design-font/fonts/Material-Design-Iconsd41d.eot]
[plenonet.com.br/assets/bootstrap-material-design-font/fonts/Material-Design-Icons64ea.woff]
[plenonet.com.br/assets/bootstrap-material-design-font/fonts/Material-Design-Icons64ea.ttf]
[plenonet.com.br/assets/bootstrap-material-design-font/css/material.css]
[plenonet.com.br/assets/tether/tether.min.css]
[plenonet.com.br/assets/bootstrap/css/bootstrap.min.css]
[plenonet.com.br/assets/bootstrap/css/bootstrap-grid.min.css]
[plenonet.com.br/assets/bootstrap/css/bootstrap-reboot.min.css]
[plenonet.com.br/assets/dropdown/css/style.css]
[plenonet.com.br/assets/bootstrap-material-design-font/fonts/Material-Design-Icons64ea.svg]
[plenonet.com.br/assets/socicon/fonts/socicon.eot]
[plenonet.com.br/assets/socicon/fonts/socicond41d.eot]
[plenonet.com.br/assets/socicon/fonts/socicon.woff2]
[plenonet.com.br/assets/socicon/fonts/socicon.ttf]
[plenonet.com.br/assets/socicon/fonts/socicon.woff]
[plenonet.com.br/assets/socicon/css/styles.css]
[plenonet.com.br/assets/theme/css/style.css]
[plenonet.com.br/assets/socicon/fonts/socicon.svg]
[plenonet.com.br/assets/images/background8.jpg]
[plenonet.com.br/assets/mobirise/css/mbr-additional.css]
[plenonet.com.br/index-2.html]
[plenonet.com.br/assets/images/google-play.webp]
[plenonet.com.br/assets/images/logo-510x510.png]
[plenonet.com.br/assets/images/logo-1-510x510.png]
[plenonet.com.br/assets/images/logo-2-510x510.png]
[plenonet.com.br/assets/images/logo-3-510x510.png]
[plenonet.com.br/aplicativos.html]
[plenonet.com.br/assets/web/assets/jquery/jquery.min.js]
[plenonet.com.br/assets/popper/popper.min.js]
[plenonet.com.br/You must include the utils.js file before tether.js]
[plenonet.com.br/assets/tether/tether.min.js]
[plenonet.com.br/popper.js]
[plenonet.com.br/assets/bootstrap/js/bootstrap.min.js]
[plenonet.com.br/assets/smoothscroll/smooth-scroll.js]
[plenonet.com.br/assets/dropdown/js/nav-dropdown.js]
[plenonet.com.br/assets/dropdown/js/navbar-dropdown.js]
[plenonet.com.br/assets/touchswipe/jquery.touch-swipe.min.js]
[plenonet.com.br/GET]
[plenonet.com.br/assets/playervimeo/vimeo_player.js]
[plenonet.com.br/sddefault.jpg]
[plenonet.com.br/hqdefault.jpg]
[plenonet.com.br/images/no-video.jpg]
[plenonet.com.br/images/video-placeholder.jpg]
[plenonet.com.br/assets/theme/js/script.js]
[plenonet.com.br/assets/web/assets/mobirise-icons2/mobirise21e04.svg]
[plenonet.com.br/assets/simple-line-icons/fonts/simple-line-iconsb26c.svg]
[plenonet.com.br/assets/web/assets/mobirise-icons/mobirise-icons0e1c.svg]
[plenonet.com.br/assets/bootstrap-material-design-font/fonts/Material-Design-Icons64ea.svg]
[plenonet.com.br/assets/socicon/fonts/socicon.html]
[plenonet.com.br/assets/socicon/fonts/socicon.svg]
[plenonet.com.br/You must include the utils.js file before tether.html]
[plenonet.com.br/popper.html]
[plenonet.com.br/GET.html]
[plenonet.com.br/sddefault.html]
[plenonet.com.br/hqdefault.html]
[plenonet.com.br/images/no-video.html]
[plenonet.com.br/images/video-placeholder.html]
